// Jest Snapshot v1, https://goo.gl/fbAQLP

exports[`Render logo correctly 1`] = `
<a
  className="header__logo-link header__logo-link--active"
  href="/"
  onClick={[Function]}
>
  <img
    alt="6 cities logo"
    className="header__logo"
    height="41"
    src="undefined/img/logo.svg"
    width="81"
  />
</a>
`;
