// Jest Snapshot v1, https://goo.gl/fbAQLP

exports[`Render map correctly 1`] = `
<section
  className="map "
/>
`;
