// Jest Snapshot v1, https://goo.gl/fbAQLP

exports[`Private route render correctly 1`] = `<div />`;
