// Jest Snapshot v1, https://goo.gl/fbAQLP

exports[`App render correctly App render correctly with active offer 1`] = `null`;
