// Jest Snapshot v1, https://goo.gl/fbAQLP

exports[`Render correctly review 1`] = `
<li
  className="reviews__item"
>
  <div
    className="reviews__user user"
  >
    <div
      className="reviews__avatar-wrapper user__avatar-wrapper"
    >
      <img
        alt="Reviews avatar"
        className="reviews__avatar user__avatar"
        height="54"
        src="img/avatar-max.jpg"
        width="54"
      />
    </div>
    <span
      className="reviews__user-name"
    >
      Mi
    </span>
  </div>
  <div
    className="reviews__info"
  >
    <div
      className="reviews__rating rating"
    >
      <div
        className="reviews__stars rating__stars"
      >
        <span
          style={
            Object {
              "width": "40%",
            }
          }
        />
        <span
          className="visually-hidden"
        >
          Rating
        </span>
      </div>
    </div>
    <p
      className="reviews__text"
    >
      Lorem ipsum dolor sit amet, consectetur adipiscing elit.
  Curabitur ornare nunc a blandit ultricies.
  Integer a urna in nunc congue efficitur.
    </p>
    <time
      className="reviews__time"
      dateTime="2010-10-1"
    >
      November 1, 2010
    </time>
  </div>
</li>
`;
