// Jest Snapshot v1, https://goo.gl/fbAQLP

exports[`Render property correctly Render property NO AUTH correctly 1`] = `
"<main class=\\"page__main page__main--property\\"><section class=\\"property\\"><div class=\\"property__gallery-container container\\"><div class=\\"property__gallery\\"><div class=\\"property__image-wrapper\\"><img class=\\"property__image\\" src=\\"img/1.png\\" alt=\\"Photo studio\\"></div><div class=\\"property__image-wrapper\\"><img class=\\"property__image\\" src=\\"img/2.png\\" alt=\\"Photo studio\\"></div></div></div><div class=\\"property__container container\\"><div class=\\"property__wrapper\\"><div class=\\"property__name-wrapper\\"><h1 class=\\"property__name\\">Beautiful &amp; luxurious studio at great location</h1><a class=\\"property__bookmark-button button\\" href=\\"/login\\"><svg class=\\"place-card__bookmark-icon\\" width=\\"31\\" height=\\"33\\"><use xlink:href=\\"#icon-bookmark\\"></use></svg><span class=\\"visually-hidden\\">To bookmarks</span></a></div><div class=\\"property__rating rating\\"><div class=\\"property__stars rating__stars\\"><span style=\\"width: 100%;\\"></span><span class=\\"visually-hidden\\">Rating</span></div><span class=\\"property__rating-value rating__value\\">4.8</span></div><ul class=\\"property__features\\"><li class=\\"property__feature property__feature--entire\\">apartment</li><li class=\\"property__feature property__feature--bedrooms\\">3 Bedrooms</li><li class=\\"property__feature property__feature--adults\\">Max 4 adults</li></ul><div class=\\"property__price\\"><b class=\\"property__price-value\\">€120</b><span class=\\"property__price-text\\">&nbsp;night</span></div><div class=\\"property__inside\\"><h2 class=\\"property__inside-title\\">What's inside</h2><ul class=\\"property__inside-list\\"><li class=\\"property__inside-item\\">Heating</li><li class=\\"property__inside-item\\">Kitchen</li><li class=\\"property__inside-item\\">Cable TV</li><li class=\\"property__inside-item\\">Washing machine</li><li class=\\"property__inside-item\\">Coffee machine</li><li class=\\"property__inside-item\\">Dishwasher</li></ul></div><div class=\\"property__host\\"><h2 class=\\"property__host-title\\">Meet the host</h2><div class=\\"property__host-user user\\"><div class=\\"property__avatar-wrapper property__avatar-wrapper--pro user__avatar-wrapper\\"><img class=\\"property__avatar user__avatar\\" src=\\"../img/1.png\\" width=\\"74\\" height=\\"74\\" alt=\\"Host avatar\\"></div><span class=\\"property__user-name\\">Angelina</span></div><div class=\\"property__description\\"><p class=\\"property__text\\"></p></div></div><section class=\\"property__reviews reviews\\"><h2 class=\\"reviews__title\\">Reviews ·<span class=\\"reviews__amount\\">3</span></h2><ul class=\\"reviews__list\\"><li class=\\"reviews__item\\"><div class=\\"reviews__user user\\"><div class=\\"reviews__avatar-wrapper user__avatar-wrapper\\"><img class=\\"reviews__avatar user__avatar\\" src=\\"img/avatar-max.jpg\\" width=\\"54\\" height=\\"54\\" alt=\\"Reviews avatar\\"></div><span class=\\"reviews__user-name\\">Mi</span></div><div class=\\"reviews__info\\"><div class=\\"reviews__rating rating\\"><div class=\\"reviews__stars rating__stars\\"><span style=\\"width: 40%;\\"></span><span class=\\"visually-hidden\\">Rating</span></div></div><p class=\\"reviews__text\\">Lorem ipsum dolor sit amet, consectetur adipiscing elit.
    Curabitur ornare nunc a blandit ultricies.
    Integer a urna in nunc congue efficitur.</p><time class=\\"reviews__time\\" datetime=\\"April 2010\\">April 2010</time></div></li><li class=\\"reviews__item\\"><div class=\\"reviews__user user\\"><div class=\\"reviews__avatar-wrapper user__avatar-wrapper\\"><img class=\\"reviews__avatar user__avatar\\" src=\\"img/avatar-max.jpg\\" width=\\"54\\" height=\\"54\\" alt=\\"Reviews avatar\\"></div><span class=\\"reviews__user-name\\">Mi</span></div><div class=\\"reviews__info\\"><div class=\\"reviews__rating rating\\"><div class=\\"reviews__stars rating__stars\\"><span style=\\"width: 40%;\\"></span><span class=\\"visually-hidden\\">Rating</span></div></div><p class=\\"reviews__text\\">Lorem ipsum dolor sit amet, consectetur adipiscing elit.
    Curabitur ornare nunc a blandit ultricies.
    Integer a urna in nunc congue efficitur.</p><time class=\\"reviews__time\\" datetime=\\"April 2010\\">April 2010</time></div></li><li class=\\"reviews__item\\"><div class=\\"reviews__user user\\"><div class=\\"reviews__avatar-wrapper user__avatar-wrapper\\"><img class=\\"reviews__avatar user__avatar\\" src=\\"img/avatar-max.jpg\\" width=\\"54\\" height=\\"54\\" alt=\\"Reviews avatar\\"></div><span class=\\"reviews__user-name\\">Mi</span></div><div class=\\"reviews__info\\"><div class=\\"reviews__rating rating\\"><div class=\\"reviews__stars rating__stars\\"><span style=\\"width: 40%;\\"></span><span class=\\"visually-hidden\\">Rating</span></div></div><p class=\\"reviews__text\\">Lorem ipsum dolor sit amet, consectetur adipiscing elit.
    Curabitur ornare nunc a blandit ultricies.
    Integer a urna in nunc congue efficitur.</p><time class=\\"reviews__time\\" datetime=\\"April 2010\\">April 2010</time></div></li></ul><form class=\\"reviews__form form\\" action=\\"#\\" method=\\"post\\"><label class=\\"reviews__label form__label\\" for=\\"review\\">Your review</label><div class=\\"reviews__rating-form form__rating\\"><input class=\\"form__rating-input visually-hidden\\" name=\\"rating\\" id=\\"5-stars\\" type=\\"radio\\" value=\\"5\\"><label for=\\"5-stars\\" class=\\"reviews__rating-label form__rating-label\\" title=\\"perfect\\"><svg class=\\"form__star-image\\" width=\\"37\\" height=\\"33\\"><use xlink:href=\\"#icon-star\\"></use></svg></label><input class=\\"form__rating-input visually-hidden\\" name=\\"rating\\" id=\\"4-stars\\" type=\\"radio\\" value=\\"4\\"><label for=\\"4-stars\\" class=\\"reviews__rating-label form__rating-label\\" title=\\"perfect\\"><svg class=\\"form__star-image\\" width=\\"37\\" height=\\"33\\"><use xlink:href=\\"#icon-star\\"></use></svg></label><input class=\\"form__rating-input visually-hidden\\" name=\\"rating\\" id=\\"3-stars\\" type=\\"radio\\" value=\\"3\\"><label for=\\"3-stars\\" class=\\"reviews__rating-label form__rating-label\\" title=\\"perfect\\"><svg class=\\"form__star-image\\" width=\\"37\\" height=\\"33\\"><use xlink:href=\\"#icon-star\\"></use></svg></label><input class=\\"form__rating-input visually-hidden\\" name=\\"rating\\" id=\\"2-stars\\" type=\\"radio\\" value=\\"2\\"><label for=\\"2-stars\\" class=\\"reviews__rating-label form__rating-label\\" title=\\"perfect\\"><svg class=\\"form__star-image\\" width=\\"37\\" height=\\"33\\"><use xlink:href=\\"#icon-star\\"></use></svg></label><input class=\\"form__rating-input visually-hidden\\" name=\\"rating\\" id=\\"1-stars\\" type=\\"radio\\" value=\\"1\\"><label for=\\"1-stars\\" class=\\"reviews__rating-label form__rating-label\\" title=\\"perfect\\"><svg class=\\"form__star-image\\" width=\\"37\\" height=\\"33\\"><use xlink:href=\\"#icon-star\\"></use></svg></label></div><textarea class=\\"reviews__textarea form__textarea\\" id=\\"review\\" name=\\"review\\" placeholder=\\"Tell how was your stay, what you like and what can be improved\\"></textarea><div class=\\"reviews__button-wrapper\\"><p class=\\"reviews__help\\">To submit review please make sure to set<span class=\\"reviews__star\\">rating</span>and describe your stay with at least<b class=\\"reviews__text-amount\\">50 characters</b>.</p><button class=\\"reviews__submit form__submit button\\" type=\\"submit\\" disabled=\\"\\">Submit</button></div></form></section></div></div><section class=\\"map property__map leaflet-container leaflet-grab leaflet-touch-drag\\" style=\\"position: relative;\\" tabindex=\\"0\\"><div class=\\"leaflet-pane leaflet-map-pane\\" style=\\"left: 0px; top: 0px;\\"><div class=\\"leaflet-pane leaflet-tile-pane\\"><div class=\\"leaflet-layer \\" style=\\"z-index: 1;\\"><div class=\\"leaflet-tile-container leaflet-zoom-animated\\" style=\\"z-index: 18; left: 0px; top: 0px;\\"><img alt=\\"\\" role=\\"presentation\\" src=\\"https://a.basemaps.cartocdn.com/rastertiles/voyager/10/525/336.png\\" class=\\"leaflet-tile\\" style=\\"width: 256px; height: 256px; left: -237px; top: -134px;\\"></div></div></div><div class=\\"leaflet-pane leaflet-shadow-pane\\"></div><div class=\\"leaflet-pane leaflet-overlay-pane\\"></div><div class=\\"leaflet-pane leaflet-marker-pane\\"><img src=\\"../img/pin.svg\\" class=\\"leaflet-marker-icon leaflet-zoom-hide leaflet-interactive\\" style=\\"margin-left: -15px; margin-top: -17.5px; width: 30px; height: 35px; left: -162px; top: 18px; z-index: 18;\\" alt=\\"\\" tabindex=\\"0\\"><img src=\\"../img/pin.svg\\" class=\\"leaflet-marker-icon leaflet-zoom-hide leaflet-interactive\\" style=\\"margin-left: -15px; margin-top: -17.5px; width: 30px; height: 35px; left: -162px; top: 18px; z-index: 18;\\" alt=\\"\\" tabindex=\\"0\\"><img src=\\"../img/pin.svg\\" class=\\"leaflet-marker-icon leaflet-zoom-hide leaflet-interactive\\" style=\\"margin-left: -15px; margin-top: -17.5px; width: 30px; height: 35px; left: -162px; top: 18px; z-index: 18;\\" alt=\\"\\" tabindex=\\"0\\"><img src=\\"../img/pin.svg\\" class=\\"leaflet-marker-icon leaflet-zoom-hide leaflet-interactive\\" style=\\"margin-left: -15px; margin-top: -17.5px; width: 30px; height: 35px; left: -162px; top: 18px; z-index: 18;\\" alt=\\"\\" tabindex=\\"0\\"><img src=\\"../img/pin-current-offer.svg\\" class=\\"leaflet-marker-icon leaflet-zoom-hide leaflet-interactive\\" style=\\"margin-left: -18.5px; margin-top: -21px; width: 37px; height: 42px; left: -162px; top: 18px; z-index: 18;\\" alt=\\"\\" tabindex=\\"0\\"></div><div class=\\"leaflet-pane leaflet-tooltip-pane\\"></div><div class=\\"leaflet-pane leaflet-popup-pane\\"></div></div><div class=\\"leaflet-control-container\\"><div class=\\"leaflet-top leaflet-left\\"></div><div class=\\"leaflet-top leaflet-right\\"></div><div class=\\"leaflet-bottom leaflet-left\\"></div><div class=\\"leaflet-bottom leaflet-right\\"><div class=\\"leaflet-control-attribution leaflet-control\\"><a href=\\"https://leafletjs.com\\" title=\\"A JS library for interactive maps\\">Leaflet</a> | © <a href=\\"https://www.openstreetmap.org/copyright\\">
          OpenStreetMap</a> contributors ©
          <a href=\\"https://carto.com/attributions\\">CARTO</a></div></div></div></section></section><div class=\\"container\\"><section class=\\"places near-places\\"><h2 class=\\"near-places__title\\">Other places in the neighbourhood</h2><div class=\\"places__list near-places__list\\"><article class=\\"cities__place-card place-card\\"><div class=\\"cities__image-wrapper place-card__image-wrapper\\"><a href=\\"#\\"><img class=\\"place-card__image\\" src=\\"img/1.png\\" width=\\"260\\" height=\\"200\\" alt=\\"Place image\\"></a></div><div class=\\"place-card__info\\"><div class=\\"place-card__price-wrapper\\"><div class=\\"place-card__price\\"><b class=\\"place-card__price-value\\">€120</b><span class=\\"place-card__price-text\\">/&nbsp;night</span></div><a class=\\"cities__bookmark-button button\\" href=\\"/login\\"><svg class=\\"place-card__bookmark-icon\\" width=\\"18\\" height=\\"19\\"><use xlink:href=\\"#icon-bookmark\\"></use></svg><span class=\\"visually-hidden\\">To bookmarks</span></a></div><div class=\\"place-card__rating rating\\"><div class=\\"place-card__stars rating__stars\\"><span style=\\"width: 100%;\\"></span><span class=\\"visually-hidden\\">Rating</span></div></div><h2 class=\\"place-card__name\\"><a href=\\"/offer/1\\">Beautiful &amp; luxurious studio at great location</a></h2><p class=\\"place-card__type\\">apartment</p></div></article><article class=\\"cities__place-card place-card\\"><div class=\\"cities__image-wrapper place-card__image-wrapper\\"><a href=\\"#\\"><img class=\\"place-card__image\\" src=\\"img/1.png\\" width=\\"260\\" height=\\"200\\" alt=\\"Place image\\"></a></div><div class=\\"place-card__info\\"><div class=\\"place-card__price-wrapper\\"><div class=\\"place-card__price\\"><b class=\\"place-card__price-value\\">€120</b><span class=\\"place-card__price-text\\">/&nbsp;night</span></div><a class=\\"cities__bookmark-button button\\" href=\\"/login\\"><svg class=\\"place-card__bookmark-icon\\" width=\\"18\\" height=\\"19\\"><use xlink:href=\\"#icon-bookmark\\"></use></svg><span class=\\"visually-hidden\\">To bookmarks</span></a></div><div class=\\"place-card__rating rating\\"><div class=\\"place-card__stars rating__stars\\"><span style=\\"width: 100%;\\"></span><span class=\\"visually-hidden\\">Rating</span></div></div><h2 class=\\"place-card__name\\"><a href=\\"/offer/2\\">Beautiful &amp; luxurious studio at great location</a></h2><p class=\\"place-card__type\\">apartment</p></div></article><article class=\\"cities__place-card place-card\\"><div class=\\"cities__image-wrapper place-card__image-wrapper\\"><a href=\\"#\\"><img class=\\"place-card__image\\" src=\\"img/1.png\\" width=\\"260\\" height=\\"200\\" alt=\\"Place image\\"></a></div><div class=\\"place-card__info\\"><div class=\\"place-card__price-wrapper\\"><div class=\\"place-card__price\\"><b class=\\"place-card__price-value\\">€120</b><span class=\\"place-card__price-text\\">/&nbsp;night</span></div><a class=\\"cities__bookmark-button button\\" href=\\"/login\\"><svg class=\\"place-card__bookmark-icon\\" width=\\"18\\" height=\\"19\\"><use xlink:href=\\"#icon-bookmark\\"></use></svg><span class=\\"visually-hidden\\">To bookmarks</span></a></div><div class=\\"place-card__rating rating\\"><div class=\\"place-card__stars rating__stars\\"><span style=\\"width: 100%;\\"></span><span class=\\"visually-hidden\\">Rating</span></div></div><h2 class=\\"place-card__name\\"><a href=\\"/offer/3\\">Beautiful &amp; luxurious studio at great location</a></h2><p class=\\"place-card__type\\">apartment</p></div></article><article class=\\"cities__place-card place-card\\"><div class=\\"cities__image-wrapper place-card__image-wrapper\\"><a href=\\"#\\"><img class=\\"place-card__image\\" src=\\"img/1.png\\" width=\\"260\\" height=\\"200\\" alt=\\"Place image\\"></a></div><div class=\\"place-card__info\\"><div class=\\"place-card__price-wrapper\\"><div class=\\"place-card__price\\"><b class=\\"place-card__price-value\\">€120</b><span class=\\"place-card__price-text\\">/&nbsp;night</span></div><a class=\\"cities__bookmark-button button\\" href=\\"/login\\"><svg class=\\"place-card__bookmark-icon\\" width=\\"18\\" height=\\"19\\"><use xlink:href=\\"#icon-bookmark\\"></use></svg><span class=\\"visually-hidden\\">To bookmarks</span></a></div><div class=\\"place-card__rating rating\\"><div class=\\"place-card__stars rating__stars\\"><span style=\\"width: 100%;\\"></span><span class=\\"visually-hidden\\">Rating</span></div></div><h2 class=\\"place-card__name\\"><a href=\\"/offer/4\\">Beautiful &amp; luxurious studio at great location</a></h2><p class=\\"place-card__type\\">apartment</p></div></article></div></section></div></main>"
`;

exports[`Render property correctly Render property WITH AUTH correctly 1`] = `
"<main class=\\"page__main page__main--property\\"><section class=\\"property\\"><div class=\\"property__gallery-container container\\"><div class=\\"property__gallery\\"><div class=\\"property__image-wrapper\\"><img class=\\"property__image\\" src=\\"img/1.png\\" alt=\\"Photo studio\\"></div><div class=\\"property__image-wrapper\\"><img class=\\"property__image\\" src=\\"img/2.png\\" alt=\\"Photo studio\\"></div></div></div><div class=\\"property__container container\\"><div class=\\"property__wrapper\\"><div class=\\"property__name-wrapper\\"><h1 class=\\"property__name\\">Beautiful &amp; luxurious studio at great location</h1><button class=\\"property__bookmark-button button \\" type=\\"button\\"><svg class=\\"place-card__bookmark-icon\\" width=\\"31\\" height=\\"33\\"><use xlink:href=\\"#icon-bookmark\\"></use></svg><span class=\\"visually-hidden\\">To bookmarks</span></button></div><div class=\\"property__rating rating\\"><div class=\\"property__stars rating__stars\\"><span style=\\"width: 100%;\\"></span><span class=\\"visually-hidden\\">Rating</span></div><span class=\\"property__rating-value rating__value\\">4.8</span></div><ul class=\\"property__features\\"><li class=\\"property__feature property__feature--entire\\">apartment</li><li class=\\"property__feature property__feature--bedrooms\\">3 Bedrooms</li><li class=\\"property__feature property__feature--adults\\">Max 4 adults</li></ul><div class=\\"property__price\\"><b class=\\"property__price-value\\">€120</b><span class=\\"property__price-text\\">&nbsp;night</span></div><div class=\\"property__inside\\"><h2 class=\\"property__inside-title\\">What's inside</h2><ul class=\\"property__inside-list\\"><li class=\\"property__inside-item\\">Heating</li><li class=\\"property__inside-item\\">Kitchen</li><li class=\\"property__inside-item\\">Cable TV</li><li class=\\"property__inside-item\\">Washing machine</li><li class=\\"property__inside-item\\">Coffee machine</li><li class=\\"property__inside-item\\">Dishwasher</li></ul></div><div class=\\"property__host\\"><h2 class=\\"property__host-title\\">Meet the host</h2><div class=\\"property__host-user user\\"><div class=\\"property__avatar-wrapper property__avatar-wrapper--pro user__avatar-wrapper\\"><img class=\\"property__avatar user__avatar\\" src=\\"../img/1.png\\" width=\\"74\\" height=\\"74\\" alt=\\"Host avatar\\"></div><span class=\\"property__user-name\\">Angelina</span></div><div class=\\"property__description\\"><p class=\\"property__text\\"></p></div></div><section class=\\"property__reviews reviews\\"><h2 class=\\"reviews__title\\">Reviews ·<span class=\\"reviews__amount\\">3</span></h2><ul class=\\"reviews__list\\"><li class=\\"reviews__item\\"><div class=\\"reviews__user user\\"><div class=\\"reviews__avatar-wrapper user__avatar-wrapper\\"><img class=\\"reviews__avatar user__avatar\\" src=\\"img/avatar-max.jpg\\" width=\\"54\\" height=\\"54\\" alt=\\"Reviews avatar\\"></div><span class=\\"reviews__user-name\\">Mi</span></div><div class=\\"reviews__info\\"><div class=\\"reviews__rating rating\\"><div class=\\"reviews__stars rating__stars\\"><span style=\\"width: 40%;\\"></span><span class=\\"visually-hidden\\">Rating</span></div></div><p class=\\"reviews__text\\">Lorem ipsum dolor sit amet, consectetur adipiscing elit.
    Curabitur ornare nunc a blandit ultricies.
    Integer a urna in nunc congue efficitur.</p><time class=\\"reviews__time\\" datetime=\\"April 2010\\">April 2010</time></div></li><li class=\\"reviews__item\\"><div class=\\"reviews__user user\\"><div class=\\"reviews__avatar-wrapper user__avatar-wrapper\\"><img class=\\"reviews__avatar user__avatar\\" src=\\"img/avatar-max.jpg\\" width=\\"54\\" height=\\"54\\" alt=\\"Reviews avatar\\"></div><span class=\\"reviews__user-name\\">Mi</span></div><div class=\\"reviews__info\\"><div class=\\"reviews__rating rating\\"><div class=\\"reviews__stars rating__stars\\"><span style=\\"width: 40%;\\"></span><span class=\\"visually-hidden\\">Rating</span></div></div><p class=\\"reviews__text\\">Lorem ipsum dolor sit amet, consectetur adipiscing elit.
    Curabitur ornare nunc a blandit ultricies.
    Integer a urna in nunc congue efficitur.</p><time class=\\"reviews__time\\" datetime=\\"April 2010\\">April 2010</time></div></li><li class=\\"reviews__item\\"><div class=\\"reviews__user user\\"><div class=\\"reviews__avatar-wrapper user__avatar-wrapper\\"><img class=\\"reviews__avatar user__avatar\\" src=\\"img/avatar-max.jpg\\" width=\\"54\\" height=\\"54\\" alt=\\"Reviews avatar\\"></div><span class=\\"reviews__user-name\\">Mi</span></div><div class=\\"reviews__info\\"><div class=\\"reviews__rating rating\\"><div class=\\"reviews__stars rating__stars\\"><span style=\\"width: 40%;\\"></span><span class=\\"visually-hidden\\">Rating</span></div></div><p class=\\"reviews__text\\">Lorem ipsum dolor sit amet, consectetur adipiscing elit.
    Curabitur ornare nunc a blandit ultricies.
    Integer a urna in nunc congue efficitur.</p><time class=\\"reviews__time\\" datetime=\\"April 2010\\">April 2010</time></div></li></ul><form class=\\"reviews__form form\\" action=\\"#\\" method=\\"post\\"><label class=\\"reviews__label form__label\\" for=\\"review\\">Your review</label><div class=\\"reviews__rating-form form__rating\\"><input class=\\"form__rating-input visually-hidden\\" name=\\"rating\\" id=\\"5-stars\\" type=\\"radio\\" value=\\"5\\"><label for=\\"5-stars\\" class=\\"reviews__rating-label form__rating-label\\" title=\\"perfect\\"><svg class=\\"form__star-image\\" width=\\"37\\" height=\\"33\\"><use xlink:href=\\"#icon-star\\"></use></svg></label><input class=\\"form__rating-input visually-hidden\\" name=\\"rating\\" id=\\"4-stars\\" type=\\"radio\\" value=\\"4\\"><label for=\\"4-stars\\" class=\\"reviews__rating-label form__rating-label\\" title=\\"perfect\\"><svg class=\\"form__star-image\\" width=\\"37\\" height=\\"33\\"><use xlink:href=\\"#icon-star\\"></use></svg></label><input class=\\"form__rating-input visually-hidden\\" name=\\"rating\\" id=\\"3-stars\\" type=\\"radio\\" value=\\"3\\"><label for=\\"3-stars\\" class=\\"reviews__rating-label form__rating-label\\" title=\\"perfect\\"><svg class=\\"form__star-image\\" width=\\"37\\" height=\\"33\\"><use xlink:href=\\"#icon-star\\"></use></svg></label><input class=\\"form__rating-input visually-hidden\\" name=\\"rating\\" id=\\"2-stars\\" type=\\"radio\\" value=\\"2\\"><label for=\\"2-stars\\" class=\\"reviews__rating-label form__rating-label\\" title=\\"perfect\\"><svg class=\\"form__star-image\\" width=\\"37\\" height=\\"33\\"><use xlink:href=\\"#icon-star\\"></use></svg></label><input class=\\"form__rating-input visually-hidden\\" name=\\"rating\\" id=\\"1-stars\\" type=\\"radio\\" value=\\"1\\"><label for=\\"1-stars\\" class=\\"reviews__rating-label form__rating-label\\" title=\\"perfect\\"><svg class=\\"form__star-image\\" width=\\"37\\" height=\\"33\\"><use xlink:href=\\"#icon-star\\"></use></svg></label></div><textarea class=\\"reviews__textarea form__textarea\\" id=\\"review\\" name=\\"review\\" placeholder=\\"Tell how was your stay, what you like and what can be improved\\"></textarea><div class=\\"reviews__button-wrapper\\"><p class=\\"reviews__help\\">To submit review please make sure to set<span class=\\"reviews__star\\">rating</span>and describe your stay with at least<b class=\\"reviews__text-amount\\">50 characters</b>.</p><button class=\\"reviews__submit form__submit button\\" type=\\"submit\\" disabled=\\"\\">Submit</button></div></form></section></div></div><section class=\\"map property__map leaflet-container leaflet-grab leaflet-touch-drag\\" style=\\"position: relative;\\" tabindex=\\"0\\"><div class=\\"leaflet-pane leaflet-map-pane\\" style=\\"left: 0px; top: 0px;\\"><div class=\\"leaflet-pane leaflet-tile-pane\\"><div class=\\"leaflet-layer \\" style=\\"z-index: 1;\\"><div class=\\"leaflet-tile-container leaflet-zoom-animated\\" style=\\"z-index: 18; left: 0px; top: 0px;\\"><img alt=\\"\\" role=\\"presentation\\" src=\\"https://a.basemaps.cartocdn.com/rastertiles/voyager/10/525/336.png\\" class=\\"leaflet-tile\\" style=\\"width: 256px; height: 256px; left: -237px; top: -134px;\\"></div></div></div><div class=\\"leaflet-pane leaflet-shadow-pane\\"></div><div class=\\"leaflet-pane leaflet-overlay-pane\\"></div><div class=\\"leaflet-pane leaflet-marker-pane\\"><img src=\\"../img/pin.svg\\" class=\\"leaflet-marker-icon leaflet-zoom-hide leaflet-interactive\\" style=\\"margin-left: -15px; margin-top: -17.5px; width: 30px; height: 35px; left: -162px; top: 18px; z-index: 18;\\" alt=\\"\\" tabindex=\\"0\\"><img src=\\"../img/pin.svg\\" class=\\"leaflet-marker-icon leaflet-zoom-hide leaflet-interactive\\" style=\\"margin-left: -15px; margin-top: -17.5px; width: 30px; height: 35px; left: -162px; top: 18px; z-index: 18;\\" alt=\\"\\" tabindex=\\"0\\"><img src=\\"../img/pin.svg\\" class=\\"leaflet-marker-icon leaflet-zoom-hide leaflet-interactive\\" style=\\"margin-left: -15px; margin-top: -17.5px; width: 30px; height: 35px; left: -162px; top: 18px; z-index: 18;\\" alt=\\"\\" tabindex=\\"0\\"><img src=\\"../img/pin.svg\\" class=\\"leaflet-marker-icon leaflet-zoom-hide leaflet-interactive\\" style=\\"margin-left: -15px; margin-top: -17.5px; width: 30px; height: 35px; left: -162px; top: 18px; z-index: 18;\\" alt=\\"\\" tabindex=\\"0\\"><img src=\\"../img/pin-current-offer.svg\\" class=\\"leaflet-marker-icon leaflet-zoom-hide leaflet-interactive\\" style=\\"margin-left: -18.5px; margin-top: -21px; width: 37px; height: 42px; left: -162px; top: 18px; z-index: 18;\\" alt=\\"\\" tabindex=\\"0\\"></div><div class=\\"leaflet-pane leaflet-tooltip-pane\\"></div><div class=\\"leaflet-pane leaflet-popup-pane\\"></div></div><div class=\\"leaflet-control-container\\"><div class=\\"leaflet-top leaflet-left\\"></div><div class=\\"leaflet-top leaflet-right\\"></div><div class=\\"leaflet-bottom leaflet-left\\"></div><div class=\\"leaflet-bottom leaflet-right\\"><div class=\\"leaflet-control-attribution leaflet-control\\"><a href=\\"https://leafletjs.com\\" title=\\"A JS library for interactive maps\\">Leaflet</a> | © <a href=\\"https://www.openstreetmap.org/copyright\\">
          OpenStreetMap</a> contributors ©
          <a href=\\"https://carto.com/attributions\\">CARTO</a></div></div></div></section></section><div class=\\"container\\"><section class=\\"places near-places\\"><h2 class=\\"near-places__title\\">Other places in the neighbourhood</h2><div class=\\"places__list near-places__list\\"><article class=\\"cities__place-card place-card\\"><div class=\\"cities__image-wrapper place-card__image-wrapper\\"><a href=\\"#\\"><img class=\\"place-card__image\\" src=\\"img/1.png\\" width=\\"260\\" height=\\"200\\" alt=\\"Place image\\"></a></div><div class=\\"place-card__info\\"><div class=\\"place-card__price-wrapper\\"><div class=\\"place-card__price\\"><b class=\\"place-card__price-value\\">€120</b><span class=\\"place-card__price-text\\">/&nbsp;night</span></div><button class=\\"cities__bookmark-button button \\" type=\\"button\\"><svg class=\\"place-card__bookmark-icon\\" width=\\"18\\" height=\\"19\\"><use xlink:href=\\"#icon-bookmark\\"></use></svg><span class=\\"visually-hidden\\">To bookmarks</span></button></div><div class=\\"place-card__rating rating\\"><div class=\\"place-card__stars rating__stars\\"><span style=\\"width: 100%;\\"></span><span class=\\"visually-hidden\\">Rating</span></div></div><h2 class=\\"place-card__name\\"><a href=\\"/offer/1\\">Beautiful &amp; luxurious studio at great location</a></h2><p class=\\"place-card__type\\">apartment</p></div></article><article class=\\"cities__place-card place-card\\"><div class=\\"cities__image-wrapper place-card__image-wrapper\\"><a href=\\"#\\"><img class=\\"place-card__image\\" src=\\"img/1.png\\" width=\\"260\\" height=\\"200\\" alt=\\"Place image\\"></a></div><div class=\\"place-card__info\\"><div class=\\"place-card__price-wrapper\\"><div class=\\"place-card__price\\"><b class=\\"place-card__price-value\\">€120</b><span class=\\"place-card__price-text\\">/&nbsp;night</span></div><button class=\\"cities__bookmark-button button \\" type=\\"button\\"><svg class=\\"place-card__bookmark-icon\\" width=\\"18\\" height=\\"19\\"><use xlink:href=\\"#icon-bookmark\\"></use></svg><span class=\\"visually-hidden\\">To bookmarks</span></button></div><div class=\\"place-card__rating rating\\"><div class=\\"place-card__stars rating__stars\\"><span style=\\"width: 100%;\\"></span><span class=\\"visually-hidden\\">Rating</span></div></div><h2 class=\\"place-card__name\\"><a href=\\"/offer/2\\">Beautiful &amp; luxurious studio at great location</a></h2><p class=\\"place-card__type\\">apartment</p></div></article><article class=\\"cities__place-card place-card\\"><div class=\\"cities__image-wrapper place-card__image-wrapper\\"><a href=\\"#\\"><img class=\\"place-card__image\\" src=\\"img/1.png\\" width=\\"260\\" height=\\"200\\" alt=\\"Place image\\"></a></div><div class=\\"place-card__info\\"><div class=\\"place-card__price-wrapper\\"><div class=\\"place-card__price\\"><b class=\\"place-card__price-value\\">€120</b><span class=\\"place-card__price-text\\">/&nbsp;night</span></div><button class=\\"cities__bookmark-button button \\" type=\\"button\\"><svg class=\\"place-card__bookmark-icon\\" width=\\"18\\" height=\\"19\\"><use xlink:href=\\"#icon-bookmark\\"></use></svg><span class=\\"visually-hidden\\">To bookmarks</span></button></div><div class=\\"place-card__rating rating\\"><div class=\\"place-card__stars rating__stars\\"><span style=\\"width: 100%;\\"></span><span class=\\"visually-hidden\\">Rating</span></div></div><h2 class=\\"place-card__name\\"><a href=\\"/offer/3\\">Beautiful &amp; luxurious studio at great location</a></h2><p class=\\"place-card__type\\">apartment</p></div></article><article class=\\"cities__place-card place-card\\"><div class=\\"cities__image-wrapper place-card__image-wrapper\\"><a href=\\"#\\"><img class=\\"place-card__image\\" src=\\"img/1.png\\" width=\\"260\\" height=\\"200\\" alt=\\"Place image\\"></a></div><div class=\\"place-card__info\\"><div class=\\"place-card__price-wrapper\\"><div class=\\"place-card__price\\"><b class=\\"place-card__price-value\\">€120</b><span class=\\"place-card__price-text\\">/&nbsp;night</span></div><button class=\\"cities__bookmark-button button \\" type=\\"button\\"><svg class=\\"place-card__bookmark-icon\\" width=\\"18\\" height=\\"19\\"><use xlink:href=\\"#icon-bookmark\\"></use></svg><span class=\\"visually-hidden\\">To bookmarks</span></button></div><div class=\\"place-card__rating rating\\"><div class=\\"place-card__stars rating__stars\\"><span style=\\"width: 100%;\\"></span><span class=\\"visually-hidden\\">Rating</span></div></div><h2 class=\\"place-card__name\\"><a href=\\"/offer/4\\">Beautiful &amp; luxurious studio at great location</a></h2><p class=\\"place-card__type\\">apartment</p></div></article></div></section></div></main>"
`;
