// Jest Snapshot v1, https://goo.gl/fbAQLP

exports[`Render locations correctly 1`] = `
<section
  className="locations container"
>
  <ul
    className="locations__list tabs__list"
  >
    <li
      className="locations__item"
      onClick={[Function]}
    >
      <a
        className="locations__item-link tabs__item"
        href="#"
      >
        <span>
          Paris
        </span>
      </a>
    </li>
    <li
      className="locations__item"
      onClick={[Function]}
    >
      <a
        className="locations__item-link tabs__item"
        href="#"
      >
        <span>
          Cologne
        </span>
      </a>
    </li>
    <li
      className="locations__item"
      onClick={[Function]}
    >
      <a
        className="locations__item-link tabs__item"
        href="#"
      >
        <span>
          Brussels
        </span>
      </a>
    </li>
    <li
      className="locations__item"
      onClick={[Function]}
    >
      <a
        className="locations__item-link tabs__item"
        href="#"
      >
        <span>
          Amsterdam
        </span>
      </a>
    </li>
    <li
      className="locations__item"
      onClick={[Function]}
    >
      <a
        className="locations__item-link tabs__item"
        href="#"
      >
        <span>
          Hamburg
        </span>
      </a>
    </li>
    <li
      className="locations__item"
      onClick={[Function]}
    >
      <a
        className="locations__item-link tabs__item"
        href="#"
      >
        <span>
          Dusseldorf
        </span>
      </a>
    </li>
  </ul>
</section>
`;
