// Jest Snapshot v1, https://goo.gl/fbAQLP

exports[`Render correctly sign in 1`] = `null`;
